[zepeto.me/index.html]
[backblue.gif]
[fade.gif]
[index.html]
[zepeto.me/css/zepetome.css]
[zepeto.me/img/og_zepeto.png]
[zepeto.me/video/zepeto-video-new.mp4]
[zepeto.me/js/jquery-1.12.4.min.js]
[zepeto.me/index.html]
[zepeto.me/js/zepeto.js]
[zepeto.me/index2fd1.html]
[zepeto.me/font/NotoSansKR-Thin.woff2]
[zepeto.me/index07a0.html]
[zepeto.me/font/NotoSansKR-Thin.otf]
[zepeto.me/font/NotoSansKR-Thin.woff]
[zepeto.me/font/notosanskr_light.eot]
[zepeto.me/index3012.html]
[zepeto.me/font/notosanskr_lightd41d.eot]
[zepeto.me/font/NotoSansKR-Light.otf]
[zepeto.me/font/NotoSansKR-Light.woff2]
[zepeto.me/font/NotoSansKR-Light.woff]
[zepeto.me/font/notosanskr_light.ttf]
[zepeto.me/indexfae8.html]
[zepeto.me/font/notosanskr_regular.eot]
[zepeto.me/font/notosanskr_regulard41d.eot]
[zepeto.me/font/NotoSansKR-Regular.otf]
[zepeto.me/font/NotoSansKR-Regular.woff2]
[zepeto.me/font/NotoSansKR-Regular.woff]
[zepeto.me/font/notosanskr_regular.ttf]
[zepeto.me/font/notosanskr_medium.eot]
[zepeto.me/font/notosanskr_mediumd41d.eot]
[zepeto.me/font/NotoSansKR-Medium.otf]
[zepeto.me/font/NotoSansKR-Medium.woff2]
[zepeto.me/font/NotoSansKR-Medium.woff]
[zepeto.me/font/notosanskr_medium.ttf]
[zepeto.me/font/notosanskr_bold.eot]
[zepeto.me/font/notosanskr_boldd41d.eot]
[zepeto.me/font/NotoSansKR-Bold.otf]
[zepeto.me/font/NotoSansKR-Bold.woff2]
[zepeto.me/font/NotoSansKR-Bold.woff]
[zepeto.me/font/notosanskr_bold.ttf]
[zepeto.me/font/notosanskr_black.eot]
[zepeto.me/font/notosanskr_blackd41d.eot]
[zepeto.me/font/NotoSansKR-Black.woff2]
[zepeto.me/font/NotoSansKR-Black.woff]
[zepeto.me/font/NotoSansKR-Black.otf]
[zepeto.me/font/notosanskr_black.ttf]
[zepeto.me/font/NotoSansSC-Thin.woff2]
[zepeto.me/font/NotoSansSC-Thin.woff]
[zepeto.me/font/notosanssc_light.eot]
[zepeto.me/font/NotoSansSC-Thin.otf]
[zepeto.me/font/notosanssc_lightd41d.eot]
[zepeto.me/font/NotoSansSC-Light.woff2]
[zepeto.me/font/NotoSansSC-Light.woff]
[zepeto.me/font/NotoSansSC-Light.otf]
[zepeto.me/font/notosanssc_light.ttf]
[zepeto.me/font/notosanssc_regular.eot]
[zepeto.me/font/notosanssc_regulard41d.eot]
[zepeto.me/font/NotoSansSC-Regular.woff2]
[zepeto.me/font/NotoSansSC-Regular.woff]
[zepeto.me/font/NotoSansSC-Regular.otf]
[zepeto.me/font/notosanssc_regular.ttf]
[zepeto.me/font/notosanssc_medium.eot]
[zepeto.me/font/notosanssc_mediumd41d.eot]
[zepeto.me/font/NotoSansSC-Medium.woff2]
[zepeto.me/font/NotoSansSC-Medium.otf]
[zepeto.me/font/NotoSansSC-Medium.woff]
[zepeto.me/font/notosanssc_medium.ttf]
[zepeto.me/font/notosanssc_bold.eot]
[zepeto.me/font/notosanssc_boldd41d.eot]
[zepeto.me/font/NotoSansSC-Bold.woff2]
[zepeto.me/font/NotoSansSC-Bold.woff]
[zepeto.me/font/NotoSansSC-Bold.otf]
[zepeto.me/font/notosanssc_bold.ttf]
[zepeto.me/font/notosanssc_black.eot]
[zepeto.me/font/notosanssc_blackd41d.eot]
[zepeto.me/font/NotoSansSC-Black.woff2]
[zepeto.me/font/NotoSansSC-Black.woff]
[zepeto.me/font/NotoSansSC-Black.otf]
[zepeto.me/font/notosanssc_black.ttf]
[zepeto.me/font/NotoSansJP-Thin.woff2]
[zepeto.me/font/NotoSansJP-Thin.otf]
[zepeto.me/font/NotoSansJP-Thin.woff]
[zepeto.me/font/notosansjp_light.eot]
[zepeto.me/font/notosansjp_lightd41d.eot]
[zepeto.me/font/NotoSansJP-Light.otf]
[zepeto.me/font/NotoSansJP-Light.woff2]
[zepeto.me/font/NotoSansJP-Light.woff]
[zepeto.me/font/notosansjp_light.ttf]
[zepeto.me/font/notosansjp_regular.eot]
[zepeto.me/font/notosansjp_regulard41d.eot]
[zepeto.me/font/NotoSansJP-Regular.otf]
[zepeto.me/font/NotoSansJP-Regular.woff2]
[zepeto.me/font/NotoSansJP-Regular.woff]
[zepeto.me/font/notosansjp_regular.ttf]
[zepeto.me/font/notosansjp_medium.eot]
[zepeto.me/font/notosansjp_mediumd41d.eot]
[zepeto.me/font/NotoSansJP-Medium.otf]
[zepeto.me/font/NotoSansJP-Medium.woff2]
[zepeto.me/font/NotoSansJP-Medium.woff]
[zepeto.me/font/notosansjp_medium.ttf]
[zepeto.me/font/notosansjp_bold.eot]
[zepeto.me/font/notosansjp_boldd41d.eot]
[zepeto.me/font/NotoSansJP-Bold.otf]
[zepeto.me/font/NotoSansJP-Bold.woff2]
[zepeto.me/font/NotoSansJP-Bold.woff]
[zepeto.me/font/notosansjp_bold.ttf]
[zepeto.me/font/notosansjp_black.eot]
[zepeto.me/font/notosansjp_blackd41d.eot]
[zepeto.me/font/NotoSansJP-Black.woff2]
[zepeto.me/font/NotoSansJP-Black.otf]
[zepeto.me/font/NotoSansJP-Black.woff]
[zepeto.me/font/notosansjp_black.ttf]
[zepeto.me/img/zepeto_logo.svg]
[zepeto.me/img/stroke_btn.png]
[zepeto.me/img/tweeter_btn.svg]
[zepeto.me/img/youtube_btn.svg]
[zepeto.me/img/instagram_btn.svg]
[zepeto.me/img/img_phone_pc.png]
[zepeto.me/img/img_phone_mobile.png]
[zepeto.me/img/applestore_btn.svg]
[zepeto.me/img/googleplay_btn.svg]
[zepeto.me/img/btn_download.png]
[zepeto.me/img/btn_download_mb.png]
[zepeto.me/img/spaceship_ico.png]
[zepeto.me/img/globe_ico.png]
[zepeto.me/img/avatar_1.png]
[zepeto.me/img/rainbow_ico.png]
[zepeto.me/img/avatar_2.png]
[zepeto.me/img/avatar_3.png]
[zepeto.me/img/avatar_4.png]
[zepeto.me/img/gem_ico.png]
[zepeto.me/css/zepetome.css]
[zepeto.me/index2fd1.html]
[zepeto.me/index07a0.html]
[zepeto.me/index3012.html]
[zepeto.me/indexfae8.html]
[zepeto.me/font/notosansjp_light.html]
[zepeto.me/font/notosansjp_regular.html]
[zepeto.me/font/notosansjp_medium.html]
[zepeto.me/font/notosansjp_bold.html]
[zepeto.me/font/notosansjp_black.html]
[zepeto.me/img/zepeto_logo.svg]
[zepeto.me/img/hamburger_500.svg]
[zepeto.me/img/hamburger.svg]
[zepeto.me/img/stroke_btn_800.svg]
[zepeto.me/img/tweeter_btn.svg]
[zepeto.me/img/tiktok_btn.svg]
[zepeto.me/img/youtube_btn.svg]
[zepeto.me/img/instagram_btn.svg]
[zepeto.me/img/toggle_down.svg]
[zepeto.me/img/applestore_btn.svg]
[zepeto.me/img/googleplay_btn.svg]
